Archive member included to satisfy reference by file (symbol)

c:/program files (x86)/atmel/studio/7.0/toolchain/avr8/avr8-gnu-toolchain/bin/../lib/gcc/avr/5.4.0/../../../../avr/lib/avr5\libm.a(addsf3.o)
                              LCD.o (__subsf3)
c:/program files (x86)/atmel/studio/7.0/toolchain/avr8/avr8-gnu-toolchain/bin/../lib/gcc/avr/5.4.0/../../../../avr/lib/avr5\libm.a(addsf3x.o)
                              c:/program files (x86)/atmel/studio/7.0/toolchain/avr8/avr8-gnu-toolchain/bin/../lib/gcc/avr/5.4.0/../../../../avr/lib/avr5\libm.a(addsf3.o) (__addsf3x)
c:/program files (x86)/atmel/studio/7.0/toolchain/avr8/avr8-gnu-toolchain/bin/../lib/gcc/avr/5.4.0/../../../../avr/lib/avr5\libm.a(cmpsf2.o)
                              Timer.o (__ltsf2)
c:/program files (x86)/atmel/studio/7.0/toolchain/avr8/avr8-gnu-toolchain/bin/../lib/gcc/avr/5.4.0/../../../../avr/lib/avr5\libm.a(divsf3.o)
                              Timer.o (__divsf3)
c:/program files (x86)/atmel/studio/7.0/toolchain/avr8/avr8-gnu-toolchain/bin/../lib/gcc/avr/5.4.0/../../../../avr/lib/avr5\libm.a(divsf3x.o)
                              c:/program files (x86)/atmel/studio/7.0/toolchain/avr8/avr8-gnu-toolchain/bin/../lib/gcc/avr/5.4.0/../../../../avr/lib/avr5\libm.a(divsf3.o) (__divsf3x)
c:/program files (x86)/atmel/studio/7.0/toolchain/avr8/avr8-gnu-toolchain/bin/../lib/gcc/avr/5.4.0/../../../../avr/lib/avr5\libm.a(fixunssfsi.o)
                              LCD.o (__fixunssfsi)
c:/program files (x86)/atmel/studio/7.0/toolchain/avr8/avr8-gnu-toolchain/bin/../lib/gcc/avr/5.4.0/../../../../avr/lib/avr5\libm.a(floatsisf.o)
                              DC_Motor.o (__floatunsisf)
c:/program files (x86)/atmel/studio/7.0/toolchain/avr8/avr8-gnu-toolchain/bin/../lib/gcc/avr/5.4.0/../../../../avr/lib/avr5\libm.a(fp_cmp.o)
                              c:/program files (x86)/atmel/studio/7.0/toolchain/avr8/avr8-gnu-toolchain/bin/../lib/gcc/avr/5.4.0/../../../../avr/lib/avr5\libm.a(cmpsf2.o) (__fp_cmp)
c:/program files (x86)/atmel/studio/7.0/toolchain/avr8/avr8-gnu-toolchain/bin/../lib/gcc/avr/5.4.0/../../../../avr/lib/avr5\libm.a(fp_inf.o)
                              c:/program files (x86)/atmel/studio/7.0/toolchain/avr8/avr8-gnu-toolchain/bin/../lib/gcc/avr/5.4.0/../../../../avr/lib/avr5\libm.a(addsf3x.o) (__fp_inf)
c:/program files (x86)/atmel/studio/7.0/toolchain/avr8/avr8-gnu-toolchain/bin/../lib/gcc/avr/5.4.0/../../../../avr/lib/avr5\libm.a(fp_nan.o)
                              c:/program files (x86)/atmel/studio/7.0/toolchain/avr8/avr8-gnu-toolchain/bin/../lib/gcc/avr/5.4.0/../../../../avr/lib/avr5\libm.a(addsf3x.o) (__fp_nan)
c:/program files (x86)/atmel/studio/7.0/toolchain/avr8/avr8-gnu-toolchain/bin/../lib/gcc/avr/5.4.0/../../../../avr/lib/avr5\libm.a(fp_pscA.o)
                              c:/program files (x86)/atmel/studio/7.0/toolchain/avr8/avr8-gnu-toolchain/bin/../lib/gcc/avr/5.4.0/../../../../avr/lib/avr5\libm.a(addsf3x.o) (__fp_pscA)
c:/program files (x86)/atmel/studio/7.0/toolchain/avr8/avr8-gnu-toolchain/bin/../lib/gcc/avr/5.4.0/../../../../avr/lib/avr5\libm.a(fp_pscB.o)
                              c:/program files (x86)/atmel/studio/7.0/toolchain/avr8/avr8-gnu-toolchain/bin/../lib/gcc/avr/5.4.0/../../../../avr/lib/avr5\libm.a(addsf3x.o) (__fp_pscB)
c:/program files (x86)/atmel/studio/7.0/toolchain/avr8/avr8-gnu-toolchain/bin/../lib/gcc/avr/5.4.0/../../../../avr/lib/avr5\libm.a(fp_round.o)
                              c:/program files (x86)/atmel/studio/7.0/toolchain/avr8/avr8-gnu-toolchain/bin/../lib/gcc/avr/5.4.0/../../../../avr/lib/avr5\libm.a(addsf3.o) (__fp_round)
c:/program files (x86)/atmel/studio/7.0/toolchain/avr8/avr8-gnu-toolchain/bin/../lib/gcc/avr/5.4.0/../../../../avr/lib/avr5\libm.a(fp_split3.o)
                              c:/program files (x86)/atmel/studio/7.0/toolchain/avr8/avr8-gnu-toolchain/bin/../lib/gcc/avr/5.4.0/../../../../avr/lib/avr5\libm.a(addsf3x.o) (__fp_split3)
c:/program files (x86)/atmel/studio/7.0/toolchain/avr8/avr8-gnu-toolchain/bin/../lib/gcc/avr/5.4.0/../../../../avr/lib/avr5\libm.a(fp_zero.o)
                              c:/program files (x86)/atmel/studio/7.0/toolchain/avr8/avr8-gnu-toolchain/bin/../lib/gcc/avr/5.4.0/../../../../avr/lib/avr5\libm.a(addsf3x.o) (__fp_zero)
c:/program files (x86)/atmel/studio/7.0/toolchain/avr8/avr8-gnu-toolchain/bin/../lib/gcc/avr/5.4.0/../../../../avr/lib/avr5\libm.a(gesf2.o)
                              Timer.o (__gtsf2)
c:/program files (x86)/atmel/studio/7.0/toolchain/avr8/avr8-gnu-toolchain/bin/../lib/gcc/avr/5.4.0/../../../../avr/lib/avr5\libm.a(mulsf3.o)
                              LCD.o (__mulsf3)
c:/program files (x86)/atmel/studio/7.0/toolchain/avr8/avr8-gnu-toolchain/bin/../lib/gcc/avr/5.4.0/../../../../avr/lib/avr5\libm.a(mulsf3x.o)
                              c:/program files (x86)/atmel/studio/7.0/toolchain/avr8/avr8-gnu-toolchain/bin/../lib/gcc/avr/5.4.0/../../../../avr/lib/avr5\libm.a(mulsf3.o) (__mulsf3x)
c:/program files (x86)/atmel/studio/7.0/toolchain/avr8/avr8-gnu-toolchain/bin/../lib/gcc/avr/5.4.0/avr5\libgcc.a(_divmodhi4.o)
                              LCD.o (__divmodhi4)
c:/program files (x86)/atmel/studio/7.0/toolchain/avr8/avr8-gnu-toolchain/bin/../lib/gcc/avr/5.4.0/avr5\libgcc.a(_udivmodsi4.o)
                              LCD.o (__udivmodsi4)
c:/program files (x86)/atmel/studio/7.0/toolchain/avr8/avr8-gnu-toolchain/bin/../lib/gcc/avr/5.4.0/avr5\libgcc.a(_exit.o)
                              C:/Program Files (x86)/Atmel/Studio/7.0/Packs/atmel/ATmega_DFP/1.7.374/gcc/dev/atmega32/avr5/crtatmega32.o (exit)
c:/program files (x86)/atmel/studio/7.0/toolchain/avr8/avr8-gnu-toolchain/bin/../lib/gcc/avr/5.4.0/avr5\libgcc.a(_copy_data.o)
                              ADC.o (__do_copy_data)
c:/program files (x86)/atmel/studio/7.0/toolchain/avr8/avr8-gnu-toolchain/bin/../lib/gcc/avr/5.4.0/avr5\libgcc.a(_clear_bss.o)
                              ADC.o (__do_clear_bss)
c:/program files (x86)/atmel/studio/7.0/toolchain/avr8/avr8-gnu-toolchain/bin/../lib/gcc/avr/5.4.0/avr5\libgcc.a(_muluhisi3.o)
                              Timer.o (__muluhisi3)
c:/program files (x86)/atmel/studio/7.0/toolchain/avr8/avr8-gnu-toolchain/bin/../lib/gcc/avr/5.4.0/avr5\libgcc.a(_udivmodhi4.o)
                              c:/program files (x86)/atmel/studio/7.0/toolchain/avr8/avr8-gnu-toolchain/bin/../lib/gcc/avr/5.4.0/avr5\libgcc.a(_divmodhi4.o) (__udivmodhi4)
c:/program files (x86)/atmel/studio/7.0/toolchain/avr8/avr8-gnu-toolchain/bin/../lib/gcc/avr/5.4.0/avr5\libgcc.a(_umulhisi3.o)
                              c:/program files (x86)/atmel/studio/7.0/toolchain/avr8/avr8-gnu-toolchain/bin/../lib/gcc/avr/5.4.0/avr5\libgcc.a(_muluhisi3.o) (__umulhisi3)

Discarded input sections

 .data          0x00000000        0x0 C:/Program Files (x86)/Atmel/Studio/7.0/Packs/atmel/ATmega_DFP/1.7.374/gcc/dev/atmega32/avr5/crtatmega32.o
 .bss           0x00000000        0x0 C:/Program Files (x86)/Atmel/Studio/7.0/Packs/atmel/ATmega_DFP/1.7.374/gcc/dev/atmega32/avr5/crtatmega32.o
 .text          0x00000000        0x0 ADC.o
 .data          0x00000000        0x0 ADC.o
 .bss           0x00000000        0x0 ADC.o
 .text.ADC_Disable
                0x00000000        0x8 ADC.o
 .text          0x00000000        0x0 ALARM.o
 .data          0x00000000        0x0 ALARM.o
 .bss           0x00000000        0x0 ALARM.o
 .text          0x00000000        0x0 App.o
 .data          0x00000000        0x0 App.o
 .bss           0x00000000        0x0 App.o
 .debug_line    0x00000000        0x0 App.o
 .debug_str     0x00000000      0x103 App.o
 .comment       0x00000000       0x31 App.o
 .text          0x00000000        0x0 Button.o
 .data          0x00000000        0x0 Button.o
 .bss           0x00000000        0x0 Button.o
 .text          0x00000000        0x0 Buzzer.o
 .data          0x00000000        0x0 Buzzer.o
 .bss           0x00000000        0x0 Buzzer.o
 .text.Buzzer_ON
                0x00000000        0xc Buzzer.o
 .text          0x00000000        0x0 DC_Motor.o
 .data          0x00000000        0x0 DC_Motor.o
 .bss           0x00000000        0x0 DC_Motor.o
 .text.DC_Motor2_INIT
                0x00000000       0x2e DC_Motor.o
 .text.DC_Motor2_START
                0x00000000       0x4e DC_Motor.o
 .text.DC_Motor2_STOP
                0x00000000       0x16 DC_Motor.o
 .text          0x00000000        0x0 DIO.o
 .data          0x00000000        0x0 DIO.o
 .bss           0x00000000        0x0 DIO.o
 .text          0x00000000        0x0 EEPROM.o
 .data          0x00000000        0x0 EEPROM.o
 .bss           0x00000000        0x0 EEPROM.o
 .text.EEPROM_WriteMultiBytes
                0x00000000       0x4e EEPROM.o
 .text.EEPROM_WriteString
                0x00000000       0x46 EEPROM.o
 .text.EEPROM_ReadMultiByte
                0x00000000       0x60 EEPROM.o
 .rodata.str1.1
                0x00000000       0x27 EEPROM.o
 .text.EEPROM_Search
                0x00000000       0xac EEPROM.o
 .text.EEPROM_Delete
                0x00000000       0x88 EEPROM.o
 .text.EEPROM_Reset
                0x00000000       0x3c EEPROM.o
 .bss.Arr       0x00000000        0x4 EEPROM.o
 .text          0x00000000        0x0 EXR_Interrupt.o
 .data          0x00000000        0x0 EXR_Interrupt.o
 .bss           0x00000000        0x0 EXR_Interrupt.o
 .text.INT1_Init
                0x00000000       0x1c EXR_Interrupt.o
 .text.INT2_Init
                0x00000000       0x1c EXR_Interrupt.o
 .text          0x00000000        0x0 I2C.o
 .data          0x00000000        0x0 I2C.o
 .bss           0x00000000        0x0 I2C.o
 .text.I2C_callback0
                0x00000000        0xa I2C.o
 .text.I2C_callback1
                0x00000000        0xa I2C.o
 .text.I2C_SendMultiData
                0x00000000       0x2c I2C.o
 .text.I2C_SendString
                0x00000000       0x26 I2C.o
 .text.I2C_ReadMultiData
                0x00000000        0xe I2C.o
 .bss.pptr1     0x00000000        0x2 I2C.o
 .bss.pptr0     0x00000000        0x2 I2C.o
 .data.string16
                0x00000000        0xe I2C.o
 .data.string15
                0x00000000        0xa I2C.o
 .data.string14
                0x00000000        0xf I2C.o
 .data.string13
                0x00000000        0xf I2C.o
 .data.string12
                0x00000000        0xf I2C.o
 .data.string11
                0x00000000       0x10 I2C.o
 .data.string6  0x00000000        0xf I2C.o
 .data.string5  0x00000000        0xc I2C.o
 .data.string4  0x00000000       0x11 I2C.o
 .data.string3  0x00000000       0x11 I2C.o
 .data.string2  0x00000000       0x11 I2C.o
 .data.string1  0x00000000        0xd I2C.o
 .text          0x00000000        0x0 Keypad.o
 .data          0x00000000        0x0 Keypad.o
 .bss           0x00000000        0x0 Keypad.o
 .text          0x00000000        0x0 LCD.o
 .data          0x00000000        0x0 LCD.o
 .bss           0x00000000        0x0 LCD.o
 .text.LCD_Write_Decimal
                0x00000000       0xa2 LCD.o
 .text.LCD_Write_Custom_Char
                0x00000000       0x36 LCD.o
 .text          0x00000000        0x0 LED.o
 .data          0x00000000        0x0 LED.o
 .bss           0x00000000        0x0 LED.o
 .text.LED4_ON  0x00000000        0xc LED.o
 .text          0x00000000        0x0 main.o
 .data          0x00000000        0x0 main.o
 .bss           0x00000000        0x0 main.o
 .bss.Page      0x00000000        0x1 main.o
 .text          0x00000000        0x0 Relay.o
 .data          0x00000000        0x0 Relay.o
 .bss           0x00000000        0x0 Relay.o
 .text.Relay_Init
                0x00000000       0x16 Relay.o
 .text.Relay_ON
                0x00000000        0xc Relay.o
 .text.Relay_OFF
                0x00000000        0xc Relay.o
 .text.Relay_Toggle
                0x00000000        0xa Relay.o
 .debug_info    0x00000000      0x171 Relay.o
 .debug_abbrev  0x00000000       0x71 Relay.o
 .debug_aranges
                0x00000000       0x38 Relay.o
 .debug_ranges  0x00000000       0x28 Relay.o
 .debug_line    0x00000000       0x91 Relay.o
 .debug_str     0x00000000      0x1cb Relay.o
 .comment       0x00000000       0x31 Relay.o
 .debug_frame   0x00000000       0x54 Relay.o
 .text          0x00000000        0x0 servoo.o
 .data          0x00000000        0x0 servoo.o
 .bss           0x00000000        0x0 servoo.o
 .text          0x00000000        0x0 Timer.o
 .data          0x00000000        0x0 Timer.o
 .bss           0x00000000        0x0 Timer.o
 .text.Timer0_SetDelay
                0x00000000        0x2 Timer.o
 .text.Timer1_Init
                0x00000000       0x26 Timer.o
 .text.Timer1_SetDelay
                0x00000000       0xba Timer.o
 .text.PWM1_Gen
                0x00000000       0x3a Timer.o
 .text.Timer1_Start
                0x00000000        0xa Timer.o
 .text.Timer1_Stop
                0x00000000        0x8 Timer.o
 .text.Timer2_Stop
                0x00000000        0x8 Timer.o
 .text.PWM2_Gen
                0x00000000        0x2 Timer.o
 .bss.Timer1B_Init_Value
                0x00000000        0x1 Timer.o
 .bss.Timer1B_Num_OVF
                0x00000000        0x2 Timer.o
 .bss.Timer1A_Init_Value
                0x00000000        0x1 Timer.o
 .bss.Timer1A_Num_OVF
                0x00000000        0x2 Timer.o
 .text          0x00000000        0x0 UART.o
 .data          0x00000000        0x0 UART.o
 .bss           0x00000000        0x0 UART.o
 .bss.Var       0x00000000        0x1 UART.o
 .text          0x00000000        0x0 c:/program files (x86)/atmel/studio/7.0/toolchain/avr8/avr8-gnu-toolchain/bin/../lib/gcc/avr/5.4.0/../../../../avr/lib/avr5\libm.a(addsf3.o)
 .data          0x00000000        0x0 c:/program files (x86)/atmel/studio/7.0/toolchain/avr8/avr8-gnu-toolchain/bin/../lib/gcc/avr/5.4.0/../../../../avr/lib/avr5\libm.a(addsf3.o)
 .bss           0x00000000        0x0 c:/program files (x86)/atmel/studio/7.0/toolchain/avr8/avr8-gnu-toolchain/bin/../lib/gcc/avr/5.4.0/../../../../avr/lib/avr5\libm.a(addsf3.o)
 .text.avr-libc.fplib
                0x00000000        0xe c:/program files (x86)/atmel/studio/7.0/toolchain/avr8/avr8-gnu-toolchain/bin/../lib/gcc/avr/5.4.0/../../../../avr/lib/avr5\libm.a(addsf3.o)
 .text          0x00000000        0x0 c:/program files (x86)/atmel/studio/7.0/toolchain/avr8/avr8-gnu-toolchain/bin/../lib/gcc/avr/5.4.0/../../../../avr/lib/avr5\libm.a(addsf3x.o)
 .data          0x00000000        0x0 c:/program files (x86)/atmel/studio/7.0/toolchain/avr8/avr8-gnu-toolchain/bin/../lib/gcc/avr/5.4.0/../../../../avr/lib/avr5\libm.a(addsf3x.o)
 .bss           0x00000000        0x0 c:/program files (x86)/atmel/studio/7.0/toolchain/avr8/avr8-gnu-toolchain/bin/../lib/gcc/avr/5.4.0/../../../../avr/lib/avr5\libm.a(addsf3x.o)
 .text.avr-libc.fplib
                0x00000000       0xcc c:/program files (x86)/atmel/studio/7.0/toolchain/avr8/avr8-gnu-toolchain/bin/../lib/gcc/avr/5.4.0/../../../../avr/lib/avr5\libm.a(addsf3x.o)
 .text          0x00000000        0x0 c:/program files (x86)/atmel/studio/7.0/toolchain/avr8/avr8-gnu-toolchain/bin/../lib/gcc/avr/5.4.0/../../../../avr/lib/avr5\libm.a(cmpsf2.o)
 .data          0x00000000        0x0 c:/program files (x86)/atmel/studio/7.0/toolchain/avr8/avr8-gnu-toolchain/bin/../lib/gcc/avr/5.4.0/../../../../avr/lib/avr5\libm.a(cmpsf2.o)
 .bss           0x00000000        0x0 c:/program files (x86)/atmel/studio/7.0/toolchain/avr8/avr8-gnu-toolchain/bin/../lib/gcc/avr/5.4.0/../../../../avr/lib/avr5\libm.a(cmpsf2.o)
 .text          0x00000000        0x0 c:/program files (x86)/atmel/studio/7.0/toolchain/avr8/avr8-gnu-toolchain/bin/../lib/gcc/avr/5.4.0/../../../../avr/lib/avr5\libm.a(divsf3.o)
 .data          0x00000000        0x0 c:/program files (x86)/atmel/studio/7.0/toolchain/avr8/avr8-gnu-toolchain/bin/../lib/gcc/avr/5.4.0/../../../../avr/lib/avr5\libm.a(divsf3.o)
 .bss           0x00000000        0x0 c:/program files (x86)/atmel/studio/7.0/toolchain/avr8/avr8-gnu-toolchain/bin/../lib/gcc/avr/5.4.0/../../../../avr/lib/avr5\libm.a(divsf3.o)
 .text          0x00000000        0x0 c:/program files (x86)/atmel/studio/7.0/toolchain/avr8/avr8-gnu-toolchain/bin/../lib/gcc/avr/5.4.0/../../../../avr/lib/avr5\libm.a(divsf3x.o)
 .data          0x00000000        0x0 c:/program files (x86)/atmel/studio/7.0/toolchain/avr8/avr8-gnu-toolchain/bin/../lib/gcc/avr/5.4.0/../../../../avr/lib/avr5\libm.a(divsf3x.o)
 .bss           0x00000000        0x0 c:/program files (x86)/atmel/studio/7.0/toolchain/avr8/avr8-gnu-toolchain/bin/../lib/gcc/avr/5.4.0/../../../../avr/lib/avr5\libm.a(divsf3x.o)
 .text          0x00000000        0x0 c:/program files (x86)/atmel/studio/7.0/toolchain/avr8/avr8-gnu-toolchain/bin/../lib/gcc/avr/5.4.0/../../../../avr/lib/avr5\libm.a(fixunssfsi.o)
 .data          0x00000000        0x0 c:/program files (x86)/atmel/studio/7.0/toolchain/avr8/avr8-gnu-toolchain/bin/../lib/gcc/avr/5.4.0/../../../../avr/lib/avr5\libm.a(fixunssfsi.o)
 .bss           0x00000000        0x0 c:/program files (x86)/atmel/studio/7.0/toolchain/avr8/avr8-gnu-toolchain/bin/../lib/gcc/avr/5.4.0/../../../../avr/lib/avr5\libm.a(fixunssfsi.o)
 .text          0x00000000        0x0 c:/program files (x86)/atmel/studio/7.0/toolchain/avr8/avr8-gnu-toolchain/bin/../lib/gcc/avr/5.4.0/../../../../avr/lib/avr5\libm.a(floatsisf.o)
 .data          0x00000000        0x0 c:/program files (x86)/atmel/studio/7.0/toolchain/avr8/avr8-gnu-toolchain/bin/../lib/gcc/avr/5.4.0/../../../../avr/lib/avr5\libm.a(floatsisf.o)
 .bss           0x00000000        0x0 c:/program files (x86)/atmel/studio/7.0/toolchain/avr8/avr8-gnu-toolchain/bin/../lib/gcc/avr/5.4.0/../../../../avr/lib/avr5\libm.a(floatsisf.o)
 .text          0x00000000        0x0 c:/program files (x86)/atmel/studio/7.0/toolchain/avr8/avr8-gnu-toolchain/bin/../lib/gcc/avr/5.4.0/../../../../avr/lib/avr5\libm.a(fp_cmp.o)
 .data          0x00000000        0x0 c:/program files (x86)/atmel/studio/7.0/toolchain/avr8/avr8-gnu-toolchain/bin/../lib/gcc/avr/5.4.0/../../../../avr/lib/avr5\libm.a(fp_cmp.o)
 .bss           0x00000000        0x0 c:/program files (x86)/atmel/studio/7.0/toolchain/avr8/avr8-gnu-toolchain/bin/../lib/gcc/avr/5.4.0/../../../../avr/lib/avr5\libm.a(fp_cmp.o)
 .text          0x00000000        0x0 c:/program files (x86)/atmel/studio/7.0/toolchain/avr8/avr8-gnu-toolchain/bin/../lib/gcc/avr/5.4.0/../../../../avr/lib/avr5\libm.a(fp_inf.o)
 .data          0x00000000        0x0 c:/program files (x86)/atmel/studio/7.0/toolchain/avr8/avr8-gnu-toolchain/bin/../lib/gcc/avr/5.4.0/../../../../avr/lib/avr5\libm.a(fp_inf.o)
 .bss           0x00000000        0x0 c:/program files (x86)/atmel/studio/7.0/toolchain/avr8/avr8-gnu-toolchain/bin/../lib/gcc/avr/5.4.0/../../../../avr/lib/avr5\libm.a(fp_inf.o)
 .text          0x00000000        0x0 c:/program files (x86)/atmel/studio/7.0/toolchain/avr8/avr8-gnu-toolchain/bin/../lib/gcc/avr/5.4.0/../../../../avr/lib/avr5\libm.a(fp_nan.o)
 .data          0x00000000        0x0 c:/program files (x86)/atmel/studio/7.0/toolchain/avr8/avr8-gnu-toolchain/bin/../lib/gcc/avr/5.4.0/../../../../avr/lib/avr5\libm.a(fp_nan.o)
 .bss           0x00000000        0x0 c:/program files (x86)/atmel/studio/7.0/toolchain/avr8/avr8-gnu-toolchain/bin/../lib/gcc/avr/5.4.0/../../../../avr/lib/avr5\libm.a(fp_nan.o)
 .text          0x00000000        0x0 c:/program files (x86)/atmel/studio/7.0/toolchain/avr8/avr8-gnu-toolchain/bin/../lib/gcc/avr/5.4.0/../../../../avr/lib/avr5\libm.a(fp_pscA.o)
 .data          0x00000000        0x0 c:/program files (x86)/atmel/studio/7.0/toolchain/avr8/avr8-gnu-toolchain/bin/../lib/gcc/avr/5.4.0/../../../../avr/lib/avr5\libm.a(fp_pscA.o)
 .bss           0x00000000        0x0 c:/program files (x86)/atmel/studio/7.0/toolchain/avr8/avr8-gnu-toolchain/bin/../lib/gcc/avr/5.4.0/../../../../avr/lib/avr5\libm.a(fp_pscA.o)
 .text          0x00000000        0x0 c:/program files (x86)/atmel/studio/7.0/toolchain/avr8/avr8-gnu-toolchain/bin/../lib/gcc/avr/5.4.0/../../../../avr/lib/avr5\libm.a(fp_pscB.o)
 .data          0x00000000        0x0 c:/program files (x86)/atmel/studio/7.0/toolchain/avr8/avr8-gnu-toolchain/bin/../lib/gcc/avr/5.4.0/../../../../avr/lib/avr5\libm.a(fp_pscB.o)
 .bss           0x00000000        0x0 c:/program files (x86)/atmel/studio/7.0/toolchain/avr8/avr8-gnu-toolchain/bin/../lib/gcc/avr/5.4.0/../../../../avr/lib/avr5\libm.a(fp_pscB.o)
 .text          0x00000000        0x0 c:/program files (x86)/atmel/studio/7.0/toolchain/avr8/avr8-gnu-toolchain/bin/../lib/gcc/avr/5.4.0/../../../../avr/lib/avr5\libm.a(fp_round.o)
 .data          0x00000000        0x0 c:/program files (x86)/atmel/studio/7.0/toolchain/avr8/avr8-gnu-toolchain/bin/../lib/gcc/avr/5.4.0/../../../../avr/lib/avr5\libm.a(fp_round.o)
 .bss           0x00000000        0x0 c:/program files (x86)/atmel/studio/7.0/toolchain/avr8/avr8-gnu-toolchain/bin/../lib/gcc/avr/5.4.0/../../../../avr/lib/avr5\libm.a(fp_round.o)
 .text          0x00000000        0x0 c:/program files (x86)/atmel/studio/7.0/toolchain/avr8/avr8-gnu-toolchain/bin/../lib/gcc/avr/5.4.0/../../../../avr/lib/avr5\libm.a(fp_split3.o)
 .data          0x00000000        0x0 c:/program files (x86)/atmel/studio/7.0/toolchain/avr8/avr8-gnu-toolchain/bin/../lib/gcc/avr/5.4.0/../../../../avr/lib/avr5\libm.a(fp_split3.o)
 .bss           0x00000000        0x0 c:/program files (x86)/atmel/studio/7.0/toolchain/avr8/avr8-gnu-toolchain/bin/../lib/gcc/avr/5.4.0/../../../../avr/lib/avr5\libm.a(fp_split3.o)
 .text          0x00000000        0x0 c:/program files (x86)/atmel/studio/7.0/toolchain/avr8/avr8-gnu-toolchain/bin/../lib/gcc/avr/5.4.0/../../../../avr/lib/avr5\libm.a(fp_zero.o)
 .data          0x00000000        0x0 c:/program files (x86)/atmel/studio/7.0/toolchain/avr8/avr8-gnu-toolchain/bin/../lib/gcc/avr/5.4.0/../../../../avr/lib/avr5\libm.a(fp_zero.o)
 .bss           0x00000000        0x0 c:/program files (x86)/atmel/studio/7.0/toolchain/avr8/avr8-gnu-toolchain/bin/../lib/gcc/avr/5.4.0/../../../../avr/lib/avr5\libm.a(fp_zero.o)
 .text          0x00000000        0x0 c:/program files (x86)/atmel/studio/7.0/toolchain/avr8/avr8-gnu-toolchain/bin/../lib/gcc/avr/5.4.0/../../../../avr/lib/avr5\libm.a(gesf2.o)
 .data          0x00000000        0x0 c:/program files (x86)/atmel/studio/7.0/toolchain/avr8/avr8-gnu-toolchain/bin/../lib/gcc/avr/5.4.0/../../../../avr/lib/avr5\libm.a(gesf2.o)
 .bss           0x00000000        0x0 c:/program files (x86)/atmel/studio/7.0/toolchain/avr8/avr8-gnu-toolchain/bin/../lib/gcc/avr/5.4.0/../../../../avr/lib/avr5\libm.a(gesf2.o)
 .text          0x00000000        0x0 c:/program files (x86)/atmel/studio/7.0/toolchain/avr8/avr8-gnu-toolchain/bin/../lib/gcc/avr/5.4.0/../../../../avr/lib/avr5\libm.a(mulsf3.o)
 .data          0x00000000        0x0 c:/program files (x86)/atmel/studio/7.0/toolchain/avr8/avr8-gnu-toolchain/bin/../lib/gcc/avr/5.4.0/../../../../avr/lib/avr5\libm.a(mulsf3.o)
 .bss           0x00000000        0x0 c:/program files (x86)/atmel/studio/7.0/toolchain/avr8/avr8-gnu-toolchain/bin/../lib/gcc/avr/5.4.0/../../../../avr/lib/avr5\libm.a(mulsf3.o)
 .text          0x00000000        0x0 c:/program files (x86)/atmel/studio/7.0/toolchain/avr8/avr8-gnu-toolchain/bin/../lib/gcc/avr/5.4.0/../../../../avr/lib/avr5\libm.a(mulsf3x.o)
 .data          0x00000000        0x0 c:/program files (x86)/atmel/studio/7.0/toolchain/avr8/avr8-gnu-toolchain/bin/../lib/gcc/avr/5.4.0/../../../../avr/lib/avr5\libm.a(mulsf3x.o)
 .bss           0x00000000        0x0 c:/program files (x86)/atmel/studio/7.0/toolchain/avr8/avr8-gnu-toolchain/bin/../lib/gcc/avr/5.4.0/../../../../avr/lib/avr5\libm.a(mulsf3x.o)
 .text          0x00000000        0x0 c:/program files (x86)/atmel/studio/7.0/toolchain/avr8/avr8-gnu-toolchain/bin/../lib/gcc/avr/5.4.0/avr5\libgcc.a(_divmodhi4.o)
 .data          0x00000000        0x0 c:/program files (x86)/atmel/studio/7.0/toolchain/avr8/avr8-gnu-toolchain/bin/../lib/gcc/avr/5.4.0/avr5\libgcc.a(_divmodhi4.o)
 .bss           0x00000000        0x0 c:/program files (x86)/atmel/studio/7.0/toolchain/avr8/avr8-gnu-toolchain/bin/../lib/gcc/avr/5.4.0/avr5\libgcc.a(_divmodhi4.o)
 .text.libgcc.mul
                0x00000000        0x0 c:/program files (x86)/atmel/studio/7.0/toolchain/avr8/avr8-gnu-toolchain/bin/../lib/gcc/avr/5.4.0/avr5\libgcc.a(_divmodhi4.o)
 .text.libgcc   0x00000000        0x0 c:/program files (x86)/atmel/studio/7.0/toolchain/avr8/avr8-gnu-toolchain/bin/../lib/gcc/avr/5.4.0/avr5\libgcc.a(_divmodhi4.o)
 .text.libgcc.prologue
                0x00000000        0x0 c:/program files (x86)/atmel/studio/7.0/toolchain/avr8/avr8-gnu-toolchain/bin/../lib/gcc/avr/5.4.0/avr5\libgcc.a(_divmodhi4.o)
 .text.libgcc.builtins
                0x00000000        0x0 c:/program files (x86)/atmel/studio/7.0/toolchain/avr8/avr8-gnu-toolchain/bin/../lib/gcc/avr/5.4.0/avr5\libgcc.a(_divmodhi4.o)
 .text.libgcc.fmul
                0x00000000        0x0 c:/program files (x86)/atmel/studio/7.0/toolchain/avr8/avr8-gnu-toolchain/bin/../lib/gcc/avr/5.4.0/avr5\libgcc.a(_divmodhi4.o)
 .text.libgcc.fixed
                0x00000000        0x0 c:/program files (x86)/atmel/studio/7.0/toolchain/avr8/avr8-gnu-toolchain/bin/../lib/gcc/avr/5.4.0/avr5\libgcc.a(_divmodhi4.o)
 .text          0x00000000        0x0 c:/program files (x86)/atmel/studio/7.0/toolchain/avr8/avr8-gnu-toolchain/bin/../lib/gcc/avr/5.4.0/avr5\libgcc.a(_udivmodsi4.o)
 .data          0x00000000        0x0 c:/program files (x86)/atmel/studio/7.0/toolchain/avr8/avr8-gnu-toolchain/bin/../lib/gcc/avr/5.4.0/avr5\libgcc.a(_udivmodsi4.o)
 .bss           0x00000000        0x0 c:/program files (x86)/atmel/studio/7.0/toolchain/avr8/avr8-gnu-toolchain/bin/../lib/gcc/avr/5.4.0/avr5\libgcc.a(_udivmodsi4.o)
 .text.libgcc.mul
                0x00000000        0x0 c:/program files (x86)/atmel/studio/7.0/toolchain/avr8/avr8-gnu-toolchain/bin/../lib/gcc/avr/5.4.0/avr5\libgcc.a(_udivmodsi4.o)
 .text.libgcc   0x00000000        0x0 c:/program files (x86)/atmel/studio/7.0/toolchain/avr8/avr8-gnu-toolchain/bin/../lib/gcc/avr/5.4.0/avr5\libgcc.a(_udivmodsi4.o)
 .text.libgcc.prologue
                0x00000000        0x0 c:/program files (x86)/atmel/studio/7.0/toolchain/avr8/avr8-gnu-toolchain/bin/../lib/gcc/avr/5.4.0/avr5\libgcc.a(_udivmodsi4.o)
 .text.libgcc.builtins
                0x00000000        0x0 c:/program files (x86)/atmel/studio/7.0/toolchain/avr8/avr8-gnu-toolchain/bin/../lib/gcc/avr/5.4.0/avr5\libgcc.a(_udivmodsi4.o)
 .text.libgcc.fmul
                0x00000000        0x0 c:/program files (x86)/atmel/studio/7.0/toolchain/avr8/avr8-gnu-toolchain/bin/../lib/gcc/avr/5.4.0/avr5\libgcc.a(_udivmodsi4.o)
 .text.libgcc.fixed
                0x00000000        0x0 c:/program files (x86)/atmel/studio/7.0/toolchain/avr8/avr8-gnu-toolchain/bin/../lib/gcc/avr/5.4.0/avr5\libgcc.a(_udivmodsi4.o)
 .text          0x00000000        0x0 c:/program files (x86)/atmel/studio/7.0/toolchain/avr8/avr8-gnu-toolchain/bin/../lib/gcc/avr/5.4.0/avr5\libgcc.a(_exit.o)
 .data          0x00000000        0x0 c:/program files (x86)/atmel/studio/7.0/toolchain/avr8/avr8-gnu-toolchain/bin/../lib/gcc/avr/5.4.0/avr5\libgcc.a(_exit.o)
 .bss           0x00000000        0x0 c:/program files (x86)/atmel/studio/7.0/toolchain/avr8/avr8-gnu-toolchain/bin/../lib/gcc/avr/5.4.0/avr5\libgcc.a(_exit.o)
 .text.libgcc.mul
                0x00000000        0x0 c:/program files (x86)/atmel/studio/7.0/toolchain/avr8/avr8-gnu-toolchain/bin/../lib/gcc/avr/5.4.0/avr5\libgcc.a(_exit.o)
 .text.libgcc.div
                0x00000000        0x0 c:/program files (x86)/atmel/studio/7.0/toolchain/avr8/avr8-gnu-toolchain/bin/../lib/gcc/avr/5.4.0/avr5\libgcc.a(_exit.o)
 .text.libgcc   0x00000000        0x0 c:/program files (x86)/atmel/studio/7.0/toolchain/avr8/avr8-gnu-toolchain/bin/../lib/gcc/avr/5.4.0/avr5\libgcc.a(_exit.o)
 .text.libgcc.prologue
                0x00000000        0x0 c:/program files (x86)/atmel/studio/7.0/toolchain/avr8/avr8-gnu-toolchain/bin/../lib/gcc/avr/5.4.0/avr5\libgcc.a(_exit.o)
 .text.libgcc.builtins
                0x00000000        0x0 c:/program files (x86)/atmel/studio/7.0/toolchain/avr8/avr8-gnu-toolchain/bin/../lib/gcc/avr/5.4.0/avr5\libgcc.a(_exit.o)
 .text.libgcc.fmul
                0x00000000        0x0 c:/program files (x86)/atmel/studio/7.0/toolchain/avr8/avr8-gnu-toolchain/bin/../lib/gcc/avr/5.4.0/avr5\libgcc.a(_exit.o)
 .text.libgcc.fixed
                0x00000000        0x0 c:/program files (x86)/atmel/studio/7.0/toolchain/avr8/avr8-gnu-toolchain/bin/../lib/gcc/avr/5.4.0/avr5\libgcc.a(_exit.o)
 .text          0x00000000        0x0 c:/program files (x86)/atmel/studio/7.0/toolchain/avr8/avr8-gnu-toolchain/bin/../lib/gcc/avr/5.4.0/avr5\libgcc.a(_copy_data.o)
 .data          0x00000000        0x0 c:/program files (x86)/atmel/studio/7.0/toolchain/avr8/avr8-gnu-toolchain/bin/../lib/gcc/avr/5.4.0/avr5\libgcc.a(_copy_data.o)
 .bss           0x00000000        0x0 c:/program files (x86)/atmel/studio/7.0/toolchain/avr8/avr8-gnu-toolchain/bin/../lib/gcc/avr/5.4.0/avr5\libgcc.a(_copy_data.o)
 .text.libgcc.mul
                0x00000000        0x0 c:/program files (x86)/atmel/studio/7.0/toolchain/avr8/avr8-gnu-toolchain/bin/../lib/gcc/avr/5.4.0/avr5\libgcc.a(_copy_data.o)
 .text.libgcc.div
                0x00000000        0x0 c:/program files (x86)/atmel/studio/7.0/toolchain/avr8/avr8-gnu-toolchain/bin/../lib/gcc/avr/5.4.0/avr5\libgcc.a(_copy_data.o)
 .text.libgcc   0x00000000        0x0 c:/program files (x86)/atmel/studio/7.0/toolchain/avr8/avr8-gnu-toolchain/bin/../lib/gcc/avr/5.4.0/avr5\libgcc.a(_copy_data.o)
 .text.libgcc.prologue
                0x00000000        0x0 c:/program files (x86)/atmel/studio/7.0/toolchain/avr8/avr8-gnu-toolchain/bin/../lib/gcc/avr/5.4.0/avr5\libgcc.a(_copy_data.o)
 .text.libgcc.builtins
                0x00000000        0x0 c:/program files (x86)/atmel/studio/7.0/toolchain/avr8/avr8-gnu-toolchain/bin/../lib/gcc/avr/5.4.0/avr5\libgcc.a(_copy_data.o)
 .text.libgcc.fmul
                0x00000000        0x0 c:/program files (x86)/atmel/studio/7.0/toolchain/avr8/avr8-gnu-toolchain/bin/../lib/gcc/avr/5.4.0/avr5\libgcc.a(_copy_data.o)
 .text.libgcc.fixed
                0x00000000        0x0 c:/program files (x86)/atmel/studio/7.0/toolchain/avr8/avr8-gnu-toolchain/bin/../lib/gcc/avr/5.4.0/avr5\libgcc.a(_copy_data.o)
 .text          0x00000000        0x0 c:/program files (x86)/atmel/studio/7.0/toolchain/avr8/avr8-gnu-toolchain/bin/../lib/gcc/avr/5.4.0/avr5\libgcc.a(_clear_bss.o)
 .data          0x00000000        0x0 c:/program files (x86)/atmel/studio/7.0/toolchain/avr8/avr8-gnu-toolchain/bin/../lib/gcc/avr/5.4.0/avr5\libgcc.a(_clear_bss.o)
 .bss           0x00000000        0x0 c:/program files (x86)/atmel/studio/7.0/toolchain/avr8/avr8-gnu-toolchain/bin/../lib/gcc/avr/5.4.0/avr5\libgcc.a(_clear_bss.o)
 .text.libgcc.mul
                0x00000000        0x0 c:/program files (x86)/atmel/studio/7.0/toolchain/avr8/avr8-gnu-toolchain/bin/../lib/gcc/avr/5.4.0/avr5\libgcc.a(_clear_bss.o)
 .text.libgcc.div
                0x00000000        0x0 c:/program files (x86)/atmel/studio/7.0/toolchain/avr8/avr8-gnu-toolchain/bin/../lib/gcc/avr/5.4.0/avr5\libgcc.a(_clear_bss.o)
 .text.libgcc   0x00000000        0x0 c:/program files (x86)/atmel/studio/7.0/toolchain/avr8/avr8-gnu-toolchain/bin/../lib/gcc/avr/5.4.0/avr5\libgcc.a(_clear_bss.o)
 .text.libgcc.prologue
                0x00000000        0x0 c:/program files (x86)/atmel/studio/7.0/toolchain/avr8/avr8-gnu-toolchain/bin/../lib/gcc/avr/5.4.0/avr5\libgcc.a(_clear_bss.o)
 .text.libgcc.builtins
                0x00000000        0x0 c:/program files (x86)/atmel/studio/7.0/toolchain/avr8/avr8-gnu-toolchain/bin/../lib/gcc/avr/5.4.0/avr5\libgcc.a(_clear_bss.o)
 .text.libgcc.fmul
                0x00000000        0x0 c:/program files (x86)/atmel/studio/7.0/toolchain/avr8/avr8-gnu-toolchain/bin/../lib/gcc/avr/5.4.0/avr5\libgcc.a(_clear_bss.o)
 .text.libgcc.fixed
                0x00000000        0x0 c:/program files (x86)/atmel/studio/7.0/toolchain/avr8/avr8-gnu-toolchain/bin/../lib/gcc/avr/5.4.0/avr5\libgcc.a(_clear_bss.o)
 .text          0x00000000        0x0 c:/program files (x86)/atmel/studio/7.0/toolchain/avr8/avr8-gnu-toolchain/bin/../lib/gcc/avr/5.4.0/avr5\libgcc.a(_muluhisi3.o)
 .data          0x00000000        0x0 c:/program files (x86)/atmel/studio/7.0/toolchain/avr8/avr8-gnu-toolchain/bin/../lib/gcc/avr/5.4.0/avr5\libgcc.a(_muluhisi3.o)
 .bss           0x00000000        0x0 c:/program files (x86)/atmel/studio/7.0/toolchain/avr8/avr8-gnu-toolchain/bin/../lib/gcc/avr/5.4.0/avr5\libgcc.a(_muluhisi3.o)
 .text.libgcc.div
                0x00000000        0x0 c:/program files (x86)/atmel/studio/7.0/toolchain/avr8/avr8-gnu-toolchain/bin/../lib/gcc/avr/5.4.0/avr5\libgcc.a(_muluhisi3.o)
 .text.libgcc   0x00000000        0x0 c:/program files (x86)/atmel/studio/7.0/toolchain/avr8/avr8-gnu-toolchain/bin/../lib/gcc/avr/5.4.0/avr5\libgcc.a(_muluhisi3.o)
 .text.libgcc.prologue
                0x00000000        0x0 c:/program files (x86)/atmel/studio/7.0/toolchain/avr8/avr8-gnu-toolchain/bin/../lib/gcc/avr/5.4.0/avr5\libgcc.a(_muluhisi3.o)
 .text.libgcc.builtins
                0x00000000        0x0 c:/program files (x86)/atmel/studio/7.0/toolchain/avr8/avr8-gnu-toolchain/bin/../lib/gcc/avr/5.4.0/avr5\libgcc.a(_muluhisi3.o)
 .text.libgcc.fmul
                0x00000000        0x0 c:/program files (x86)/atmel/studio/7.0/toolchain/avr8/avr8-gnu-toolchain/bin/../lib/gcc/avr/5.4.0/avr5\libgcc.a(_muluhisi3.o)
 .text.libgcc.fixed
                0x00000000        0x0 c:/program files (x86)/atmel/studio/7.0/toolchain/avr8/avr8-gnu-toolchain/bin/../lib/gcc/avr/5.4.0/avr5\libgcc.a(_muluhisi3.o)
 .text          0x00000000        0x0 c:/program files (x86)/atmel/studio/7.0/toolchain/avr8/avr8-gnu-toolchain/bin/../lib/gcc/avr/5.4.0/avr5\libgcc.a(_udivmodhi4.o)
 .data          0x00000000        0x0 c:/program files (x86)/atmel/studio/7.0/toolchain/avr8/avr8-gnu-toolchain/bin/../lib/gcc/avr/5.4.0/avr5\libgcc.a(_udivmodhi4.o)
 .bss           0x00000000        0x0 c:/program files (x86)/atmel/studio/7.0/toolchain/avr8/avr8-gnu-toolchain/bin/../lib/gcc/avr/5.4.0/avr5\libgcc.a(_udivmodhi4.o)
 .text.libgcc.mul
                0x00000000        0x0 c:/program files (x86)/atmel/studio/7.0/toolchain/avr8/avr8-gnu-toolchain/bin/../lib/gcc/avr/5.4.0/avr5\libgcc.a(_udivmodhi4.o)
 .text.libgcc   0x00000000        0x0 c:/program files (x86)/atmel/studio/7.0/toolchain/avr8/avr8-gnu-toolchain/bin/../lib/gcc/avr/5.4.0/avr5\libgcc.a(_udivmodhi4.o)
 .text.libgcc.prologue
                0x00000000        0x0 c:/program files (x86)/atmel/studio/7.0/toolchain/avr8/avr8-gnu-toolchain/bin/../lib/gcc/avr/5.4.0/avr5\libgcc.a(_udivmodhi4.o)
 .text.libgcc.builtins
                0x00000000        0x0 c:/program files (x86)/atmel/studio/7.0/toolchain/avr8/avr8-gnu-toolchain/bin/../lib/gcc/avr/5.4.0/avr5\libgcc.a(_udivmodhi4.o)
 .text.libgcc.fmul
                0x00000000        0x0 c:/program files (x86)/atmel/studio/7.0/toolchain/avr8/avr8-gnu-toolchain/bin/../lib/gcc/avr/5.4.0/avr5\libgcc.a(_udivmodhi4.o)
 .text.libgcc.fixed
                0x00000000        0x0 c:/program files (x86)/atmel/studio/7.0/toolchain/avr8/avr8-gnu-toolchain/bin/../lib/gcc/avr/5.4.0/avr5\libgcc.a(_udivmodhi4.o)
 .text          0x00000000        0x0 c:/program files (x86)/atmel/studio/7.0/toolchain/avr8/avr8-gnu-toolchain/bin/../lib/gcc/avr/5.4.0/avr5\libgcc.a(_umulhisi3.o)
 .data          0x00000000        0x0 c:/program files (x86)/atmel/studio/7.0/toolchain/avr8/avr8-gnu-toolchain/bin/../lib/gcc/avr/5.4.0/avr5\libgcc.a(_umulhisi3.o)
 .bss           0x00000000        0x0 c:/program files (x86)/atmel/studio/7.0/toolchain/avr8/avr8-gnu-toolchain/bin/../lib/gcc/avr/5.4.0/avr5\libgcc.a(_umulhisi3.o)
 .text.libgcc.div
                0x00000000        0x0 c:/program files (x86)/atmel/studio/7.0/toolchain/avr8/avr8-gnu-toolchain/bin/../lib/gcc/avr/5.4.0/avr5\libgcc.a(_umulhisi3.o)
 .text.libgcc   0x00000000        0x0 c:/program files (x86)/atmel/studio/7.0/toolchain/avr8/avr8-gnu-toolchain/bin/../lib/gcc/avr/5.4.0/avr5\libgcc.a(_umulhisi3.o)
 .text.libgcc.prologue
                0x00000000        0x0 c:/program files (x86)/atmel/studio/7.0/toolchain/avr8/avr8-gnu-toolchain/bin/../lib/gcc/avr/5.4.0/avr5\libgcc.a(_umulhisi3.o)
 .text.libgcc.builtins
                0x00000000        0x0 c:/program files (x86)/atmel/studio/7.0/toolchain/avr8/avr8-gnu-toolchain/bin/../lib/gcc/avr/5.4.0/avr5\libgcc.a(_umulhisi3.o)
 .text.libgcc.fmul
                0x00000000        0x0 c:/program files (x86)/atmel/studio/7.0/toolchain/avr8/avr8-gnu-toolchain/bin/../lib/gcc/avr/5.4.0/avr5\libgcc.a(_umulhisi3.o)
 .text.libgcc.fixed
                0x00000000        0x0 c:/program files (x86)/atmel/studio/7.0/toolchain/avr8/avr8-gnu-toolchain/bin/../lib/gcc/avr/5.4.0/avr5\libgcc.a(_umulhisi3.o)

Memory Configuration

Name             Origin             Length             Attributes
text             0x00000000         0x00008000         xr
data             0x00800060         0x00000800         rw !x
eeprom           0x00810000         0x00000400         rw !x
fuse             0x00820000         0x00000002         rw !x
lock             0x00830000         0x00000400         rw !x
signature        0x00840000         0x00000400         rw !x
user_signatures  0x00850000         0x00000400         rw !x
*default*        0x00000000         0xffffffff

Linker script and memory map

LOAD C:/Program Files (x86)/Atmel/Studio/7.0/Packs/atmel/ATmega_DFP/1.7.374/gcc/dev/atmega32/avr5/crtatmega32.o
LOAD ADC.o
LOAD ALARM.o
LOAD App.o
LOAD Button.o
LOAD Buzzer.o
LOAD DC_Motor.o
LOAD DIO.o
LOAD EEPROM.o
LOAD EXR_Interrupt.o
LOAD I2C.o
LOAD Keypad.o
LOAD LCD.o
LOAD LED.o
LOAD main.o
LOAD Relay.o
LOAD servoo.o
LOAD Timer.o
LOAD UART.o
START GROUP
LOAD c:/program files (x86)/atmel/studio/7.0/toolchain/avr8/avr8-gnu-toolchain/bin/../lib/gcc/avr/5.4.0/../../../../avr/lib/avr5\libm.a
END GROUP
START GROUP
LOAD c:/program files (x86)/atmel/studio/7.0/toolchain/avr8/avr8-gnu-toolchain/bin/../lib/gcc/avr/5.4.0/avr5\libgcc.a
LOAD c:/program files (x86)/atmel/studio/7.0/toolchain/avr8/avr8-gnu-toolchain/bin/../lib/gcc/avr/5.4.0/../../../../avr/lib/avr5\libm.a
LOAD c:/program files (x86)/atmel/studio/7.0/toolchain/avr8/avr8-gnu-toolchain/bin/../lib/gcc/avr/5.4.0/../../../../avr/lib/avr5\libc.a
LOAD C:/Program Files (x86)/Atmel/Studio/7.0/Packs/atmel/ATmega_DFP/1.7.374/gcc/dev/atmega32/avr5\libatmega32.a
END GROUP
                0x00000000                __TEXT_REGION_ORIGIN__ = DEFINED (__TEXT_REGION_ORIGIN__)?__TEXT_REGION_ORIGIN__:0x0
                [0x00800060]                __DATA_REGION_ORIGIN__ = DEFINED (__DATA_REGION_ORIGIN__)?__DATA_REGION_ORIGIN__:0x800060
                [0x00008000]                __TEXT_REGION_LENGTH__ = DEFINED (__TEXT_REGION_LENGTH__)?__TEXT_REGION_LENGTH__:0x20000
                [0x00000800]                __DATA_REGION_LENGTH__ = DEFINED (__DATA_REGION_LENGTH__)?__DATA_REGION_LENGTH__:0xffa0
                [0x00000400]                __EEPROM_REGION_LENGTH__ = DEFINED (__EEPROM_REGION_LENGTH__)?__EEPROM_REGION_LENGTH__:0x10000
                [0x00000002]                __FUSE_REGION_LENGTH__ = DEFINED (__FUSE_REGION_LENGTH__)?__FUSE_REGION_LENGTH__:0x400
                0x00000400                __LOCK_REGION_LENGTH__ = DEFINED (__LOCK_REGION_LENGTH__)?__LOCK_REGION_LENGTH__:0x400
                0x00000400                __SIGNATURE_REGION_LENGTH__ = DEFINED (__SIGNATURE_REGION_LENGTH__)?__SIGNATURE_REGION_LENGTH__:0x400
                0x00000400                __USER_SIGNATURE_REGION_LENGTH__ = DEFINED (__USER_SIGNATURE_REGION_LENGTH__)?__USER_SIGNATURE_REGION_LENGTH__:0x400

.hash
 *(.hash)

.dynsym
 *(.dynsym)

.dynstr
 *(.dynstr)

.gnu.version
 *(.gnu.version)

.gnu.version_d
 *(.gnu.version_d)

.gnu.version_r
 *(.gnu.version_r)

.rel.init
 *(.rel.init)

.rela.init
 *(.rela.init)

.rel.text
 *(.rel.text)
 *(.rel.text.*)
 *(.rel.gnu.linkonce.t*)

.rela.text
 *(.rela.text)
 *(.rela.text.*)
 *(.rela.gnu.linkonce.t*)

.rel.fini
 *(.rel.fini)

.rela.fini
 *(.rela.fini)

.rel.rodata
 *(.rel.rodata)
 *(.rel.rodata.*)
 *(.rel.gnu.linkonce.r*)

.rela.rodata
 *(.rela.rodata)
 *(.rela.rodata.*)
 *(.rela.gnu.linkonce.r*)

.rel.data
 *(.rel.data)
 *(.rel.data.*)
 *(.rel.gnu.linkonce.d*)

.rela.data
 *(.rela.data)
 *(.rela.data.*)
 *(.rela.gnu.linkonce.d*)

.rel.ctors
 *(.rel.ctors)

.rela.ctors
 *(.rela.ctors)

.rel.dtors
 *(.rel.dtors)

.rela.dtors
 *(.rela.dtors)

.rel.got
 *(.rel.got)

.rela.got
 *(.rela.got)

.rel.bss
 *(.rel.bss)

.rela.bss
 *(.rela.bss)

.rel.plt
 *(.rel.plt)

.rela.plt
 *(.rela.plt)

.text           0x00000000     0x306e
 *(.vectors)
 .vectors       0x00000000       0x54 C:/Program Files (x86)/Atmel/Studio/7.0/Packs/atmel/ATmega_DFP/1.7.374/gcc/dev/atmega32/avr5/crtatmega32.o
                0x00000000                __vector_default
                0x00000000                __vectors
 *(.vectors)
 *(.progmem.gcc*)
                0x00000054                . = ALIGN (0x2)
                0x00000054                __trampolines_start = .
 *(.trampolines)
 .trampolines   0x00000054        0x0 linker stubs
 *(.trampolines*)
                0x00000054                __trampolines_end = .
 *libprintf_flt.a:*(.progmem.data)
 *libc.a:*(.progmem.data)
 *(.progmem*)
                0x00000054                . = ALIGN (0x2)
 *(.jumptables)
 *(.jumptables*)
 *(.lowtext)
 *(.lowtext*)
                0x00000054                __ctors_start = .
 *(.ctors)
                0x00000054                __ctors_end = .
                0x00000054                __dtors_start = .
 *(.dtors)
                0x00000054                __dtors_end = .
 SORT(*)(.ctors)
 SORT(*)(.dtors)
 *(.init0)
 .init0         0x00000054        0x0 C:/Program Files (x86)/Atmel/Studio/7.0/Packs/atmel/ATmega_DFP/1.7.374/gcc/dev/atmega32/avr5/crtatmega32.o
                0x00000054                __init
 *(.init0)
 *(.init1)
 *(.init1)
 *(.init2)
 .init2         0x00000054        0xc C:/Program Files (x86)/Atmel/Studio/7.0/Packs/atmel/ATmega_DFP/1.7.374/gcc/dev/atmega32/avr5/crtatmega32.o
 *(.init2)
 *(.init3)
 *(.init3)
 *(.init4)
 .init4         0x00000060       0x16 c:/program files (x86)/atmel/studio/7.0/toolchain/avr8/avr8-gnu-toolchain/bin/../lib/gcc/avr/5.4.0/avr5\libgcc.a(_copy_data.o)
                0x00000060                __do_copy_data
 .init4         0x00000076       0x10 c:/program files (x86)/atmel/studio/7.0/toolchain/avr8/avr8-gnu-toolchain/bin/../lib/gcc/avr/5.4.0/avr5\libgcc.a(_clear_bss.o)
                0x00000076                __do_clear_bss
 *(.init4)
 *(.init5)
 *(.init5)
 *(.init6)
 *(.init6)
 *(.init7)
 *(.init7)
 *(.init8)
 *(.init8)
 *(.init9)
 .init9         0x00000086        0x8 C:/Program Files (x86)/Atmel/Studio/7.0/Packs/atmel/ATmega_DFP/1.7.374/gcc/dev/atmega32/avr5/crtatmega32.o
 *(.init9)
 *(.text)
 .text          0x0000008e        0x4 C:/Program Files (x86)/Atmel/Studio/7.0/Packs/atmel/ATmega_DFP/1.7.374/gcc/dev/atmega32/avr5/crtatmega32.o
                0x0000008e                __vector_12
                0x0000008e                __bad_interrupt
                0x0000008e                __vector_6
                0x0000008e                __vector_3
                0x0000008e                __vector_17
                0x0000008e                __vector_19
                0x0000008e                __vector_7
                0x0000008e                __vector_9
                0x0000008e                __vector_2
                0x0000008e                __vector_8
                0x0000008e                __vector_14
                0x0000008e                __vector_18
                0x0000008e                __vector_20
                0x00000092                . = ALIGN (0x2)
 *(.text.*)
 .text.ADC_Init
                0x00000092       0x34 ADC.o
                0x00000092                ADC_Init
 .text.ADC_Read
                0x000000c6       0x18 ADC.o
                0x000000c6                ADC_Read
 .text.__vector_16
                0x000000de       0x90 ADC.o
                0x000000de                __vector_16
 .text.ALARM_ON
                0x0000016e       0x94 ALARM.o
                0x0000016e                ALARM_ON
 .text.Init_Button
                0x00000202       0x1a Button.o
                0x00000202                Init_Button
 .text.Buzzer_Init
                0x0000021c       0x16 Buzzer.o
                0x0000021c                Buzzer_Init
 .text.Buzzer_OFF
                0x00000232        0xc Buzzer.o
                0x00000232                Buzzer_OFF
 .text.Buzzer_Toggle
                0x0000023e        0xa Buzzer.o
                0x0000023e                Buzzer_Toggle
 .text.DC_Motor1_INIT
                0x00000248       0x2e DC_Motor.o
                0x00000248                DC_Motor1_INIT
 .text.DC_Motor1_START
                0x00000276       0x4e DC_Motor.o
                0x00000276                DC_Motor1_START
 .text.DC_Motor1_STOP
                0x000002c4       0x16 DC_Motor.o
                0x000002c4                DC_Motor1_STOP
 .text.DIO_SetPin_Dir
                0x000002da       0xe2 DIO.o
                0x000002da                DIO_SetPin_Dir
 .text.DIO_SetPin_Value
                0x000003bc       0xe2 DIO.o
                0x000003bc                DIO_SetPin_Value
 .text.DIO_GetPin_Value
                0x0000049e       0x5c DIO.o
                0x0000049e                DIO_GetPin_Value
 .text.DIO_TogglePin_Value
                0x000004fa       0x68 DIO.o
                0x000004fa                DIO_TogglePin_Value
 .text.DIO_SetPin_Pullup
                0x00000562       0x68 DIO.o
                0x00000562                DIO_SetPin_Pullup
 .text.EEPROM_INIT
                0x000005ca        0x6 EEPROM.o
                0x000005ca                EEPROM_INIT
 .text.EEPROM_WriteByte
                0x000005d0       0x42 EEPROM.o
                0x000005d0                EEPROM_WriteByte
 .text.EEPROM_ReadByte
                0x00000612       0x3c EEPROM.o
                0x00000612                EEPROM_ReadByte
 .text.INT0_Init
                0x0000064e       0x1e EXR_Interrupt.o
                0x0000064e                INT0_Init
 .text.LCD_LogIN_system
                0x0000066c      0xb76 EXR_Interrupt.o
                0x0000066c                LCD_LogIN_system
 .text.__vector_1
                0x000011e2       0x64 EXR_Interrupt.o
                0x000011e2                __vector_1
 .text.I2C_INIT
                0x00001246       0x10 I2C.o
                0x00001246                I2C_INIT
 .text.I2C_SendStartCond
                0x00001256        0xc I2C.o
                0x00001256                I2C_SendStartCond
 .text.I2C_SendRepStartCond
                0x00001262        0xc I2C.o
                0x00001262                I2C_SendRepStartCond
 .text.I2C_SendSlaveAdd_WriteOP
                0x0000126e       0x22 I2C.o
                0x0000126e                I2C_SendSlaveAdd_WriteOP
 .text.I2C_SendSlaveAdd_ReadOP
                0x00001290       0x16 I2C.o
                0x00001290                I2C_SendSlaveAdd_ReadOP
 .text.I2C_SendData
                0x000012a6        0xe I2C.o
                0x000012a6                I2C_SendData
 .text.I2C_ReadData
                0x000012b4        0xe I2C.o
                0x000012b4                I2C_ReadData
 .text.I2C_SendStopCond
                0x000012c2        0xc I2C.o
                0x000012c2                I2C_SendStopCond
 .text.Keypad_Init
                0x000012ce       0x86 Keypad.o
                0x000012ce                Keypad_Init
 .text.Keypad_GetValue
                0x00001354       0x6c Keypad.o
                0x00001354                Keypad_GetValue
 .text.LCD_Write_CMD
                0x000013c0       0x8e LCD.o
                0x000013c0                LCD_Write_CMD
 .text.LCD_Init
                0x0000144e       0xca LCD.o
                0x0000144e                LCD_Init
 .text.LCD_Write_Char
                0x00001518       0x82 LCD.o
                0x00001518                LCD_Write_Char
 .text.LCD_Write_String
                0x0000159a       0x26 LCD.o
                0x0000159a                LCD_Write_String
 .text.LCD_Write_Integer
                0x000015c0       0xe6 LCD.o
                0x000015c0                LCD_Write_Integer
 .text.LCD_Clear
                0x000016a6        0x8 LCD.o
                0x000016a6                LCD_Clear
 .text.LCD_Goto
                0x000016ae       0x3c LCD.o
                0x000016ae                LCD_Goto
 .text.LED0_Init
                0x000016ea       0x16 LED.o
                0x000016ea                LED0_Init
 .text.LED0_ON  0x00001700        0xc LED.o
                0x00001700                LED0_ON
 .text.LED0_OFF
                0x0000170c        0xc LED.o
                0x0000170c                LED0_OFF
 .text.LED0_Toggle
                0x00001718        0xa LED.o
                0x00001718                LED0_Toggle
 .text.LED1_Init
                0x00001722       0x16 LED.o
                0x00001722                LED1_Init
 .text.LED1_ON  0x00001738        0xc LED.o
                0x00001738                LED1_ON
 .text.LED1_OFF
                0x00001744        0xc LED.o
                0x00001744                LED1_OFF
 .text.LED1_Toggle
                0x00001750        0xa LED.o
                0x00001750                LED1_Toggle
 .text.LED2_Init
                0x0000175a       0x16 LED.o
                0x0000175a                LED2_Init
 .text.LED2_ON  0x00001770        0xc LED.o
                0x00001770                LED2_ON
 .text.LED2_OFF
                0x0000177c        0xc LED.o
                0x0000177c                LED2_OFF
 .text.LED2_Toggle
                0x00001788        0xa LED.o
                0x00001788                LED2_Toggle
 .text.LED3_Init
                0x00001792       0x16 LED.o
                0x00001792                LED3_Init
 .text.LED3_ON  0x000017a8        0xc LED.o
                0x000017a8                LED3_ON
 .text.LED3_OFF
                0x000017b4        0xc LED.o
                0x000017b4                LED3_OFF
 .text.LED3_Toggle
                0x000017c0        0xa LED.o
                0x000017c0                LED3_Toggle
 .text.LED4_Init
                0x000017ca       0x16 LED.o
                0x000017ca                LED4_Init
 .text.LED4_OFF
                0x000017e0        0xc LED.o
                0x000017e0                LED4_OFF
 .text.LED4_Toggle
                0x000017ec        0xa LED.o
                0x000017ec                LED4_Toggle
 .text.main     0x000017f6      0xed0 main.o
                0x000017f6                main
 .text.Servoo_Motor
                0x000026c6       0x1e servoo.o
                0x000026c6                Servoo_Motor
 .text.Servo_INIT
                0x000026e4       0x14 servoo.o
                0x000026e4                Servo_INIT
 .text.Servo_Open
                0x000026f8        0xe servoo.o
                0x000026f8                Servo_Open
 .text.Servo_Close
                0x00002706        0xe servoo.o
                0x00002706                Servo_Close
 .text.Timer0_Init
                0x00002714       0x2c Timer.o
                0x00002714                Timer0_Init
 .text.PWM0_Gen
                0x00002740       0x74 Timer.o
                0x00002740                PWM0_Gen
 .text.Timer0_Start
                0x000027b4        0xa Timer.o
                0x000027b4                Timer0_Start
 .text.Timer0_Stop
                0x000027be        0x8 Timer.o
                0x000027be                Timer0_Stop
 .text.__vector_11
                0x000027c6       0x9a Timer.o
                0x000027c6                __vector_11
 .text.__vector_10
                0x00002860       0xce Timer.o
                0x00002860                __vector_10
 .text.Timer2_Init
                0x0000292e       0x1a Timer.o
                0x0000292e                Timer2_Init
 .text.Timer2_SetDelay
                0x00002948       0x96 Timer.o
                0x00002948                Timer2_SetDelay
 .text.Timer2_Start
                0x000029de        0x8 Timer.o
                0x000029de                Timer2_Start
 .text.__vector_5
                0x000029e6       0x86 Timer.o
                0x000029e6                __vector_5
 .text.__vector_4
                0x00002a6c       0xce Timer.o
                0x00002a6c                __vector_4
 .text.UART_Init
                0x00002b3a       0x3e UART.o
                0x00002b3a                UART_Init
 .text.UART_TX_Char
                0x00002b78        0x8 UART.o
                0x00002b78                UART_TX_Char
 .text.UART_TX_Str
                0x00002b80       0x26 UART.o
                0x00002b80                UART_TX_Str
 .text.UART_RX_Char
                0x00002ba6        0x8 UART.o
                0x00002ba6                UART_RX_Char
 .text.__vector_13
                0x00002bae       0x4c UART.o
                0x00002bae                __vector_13
 .text.__vector_15
                0x00002bfa       0x14 UART.o
                0x00002bfa                __vector_15
 .text.avr-libc.fplib
                0x00002c0e        0xa c:/program files (x86)/atmel/studio/7.0/toolchain/avr8/avr8-gnu-toolchain/bin/../lib/gcc/avr/5.4.0/../../../../avr/lib/avr5\libm.a(cmpsf2.o)
                0x00002c0e                __nesf2
                0x00002c0e                __eqsf2
                0x00002c0e                __cmpsf2
                0x00002c0e                __ltsf2
                0x00002c0e                __lesf2
 .text.avr-libc.fplib
                0x00002c18        0x8 c:/program files (x86)/atmel/studio/7.0/toolchain/avr8/avr8-gnu-toolchain/bin/../lib/gcc/avr/5.4.0/../../../../avr/lib/avr5\libm.a(divsf3.o)
                0x00002c18                __divsf3
 .text.avr-libc.fplib
                0x00002c20       0xdc c:/program files (x86)/atmel/studio/7.0/toolchain/avr8/avr8-gnu-toolchain/bin/../lib/gcc/avr/5.4.0/../../../../avr/lib/avr5\libm.a(divsf3x.o)
                0x00002c40                __divsf3x
                0x00002c46                __divsf3_pse
 .text.avr-libc.fplib
                0x00002cfc       0x5e c:/program files (x86)/atmel/studio/7.0/toolchain/avr8/avr8-gnu-toolchain/bin/../lib/gcc/avr/5.4.0/../../../../avr/lib/avr5\libm.a(fixunssfsi.o)
                0x00002cfc                __fixunssfsi
 .text.avr-libc.fplib
                0x00002d5a       0x7a c:/program files (x86)/atmel/studio/7.0/toolchain/avr8/avr8-gnu-toolchain/bin/../lib/gcc/avr/5.4.0/../../../../avr/lib/avr5\libm.a(floatsisf.o)
                0x00002d5a                __floatunsisf
                0x00002d5e                __floatsisf
 .text.avr-libc.fplib
                0x00002dd4       0x48 c:/program files (x86)/atmel/studio/7.0/toolchain/avr8/avr8-gnu-toolchain/bin/../lib/gcc/avr/5.4.0/../../../../avr/lib/avr5\libm.a(fp_cmp.o)
                0x00002dd4                __fp_cmp
 .text.avr-libc.fplib
                0x00002e1c        0xc c:/program files (x86)/atmel/studio/7.0/toolchain/avr8/avr8-gnu-toolchain/bin/../lib/gcc/avr/5.4.0/../../../../avr/lib/avr5\libm.a(fp_inf.o)
                0x00002e1c                __fp_inf
 .text.avr-libc.fplib
                0x00002e28        0x6 c:/program files (x86)/atmel/studio/7.0/toolchain/avr8/avr8-gnu-toolchain/bin/../lib/gcc/avr/5.4.0/../../../../avr/lib/avr5\libm.a(fp_nan.o)
                0x00002e28                __fp_nan
 .text.avr-libc.fplib
                0x00002e2e        0xe c:/program files (x86)/atmel/studio/7.0/toolchain/avr8/avr8-gnu-toolchain/bin/../lib/gcc/avr/5.4.0/../../../../avr/lib/avr5\libm.a(fp_pscA.o)
                0x00002e2e                __fp_pscA
 .text.avr-libc.fplib
                0x00002e3c        0xe c:/program files (x86)/atmel/studio/7.0/toolchain/avr8/avr8-gnu-toolchain/bin/../lib/gcc/avr/5.4.0/../../../../avr/lib/avr5\libm.a(fp_pscB.o)
                0x00002e3c                __fp_pscB
 .text.avr-libc.fplib
                0x00002e4a       0x22 c:/program files (x86)/atmel/studio/7.0/toolchain/avr8/avr8-gnu-toolchain/bin/../lib/gcc/avr/5.4.0/../../../../avr/lib/avr5\libm.a(fp_round.o)
                0x00002e4a                __fp_round
 .text.avr-libc.fplib
                0x00002e6c       0x44 c:/program files (x86)/atmel/studio/7.0/toolchain/avr8/avr8-gnu-toolchain/bin/../lib/gcc/avr/5.4.0/../../../../avr/lib/avr5\libm.a(fp_split3.o)
                0x00002e6c                __fp_split3
                0x00002e7c                __fp_splitA
 .text.avr-libc.fplib
                0x00002eb0        0xe c:/program files (x86)/atmel/studio/7.0/toolchain/avr8/avr8-gnu-toolchain/bin/../lib/gcc/avr/5.4.0/../../../../avr/lib/avr5\libm.a(fp_zero.o)
                0x00002eb0                __fp_zero
                0x00002eb2                __fp_szero
 .text.avr-libc.fplib
                0x00002ebe        0xa c:/program files (x86)/atmel/studio/7.0/toolchain/avr8/avr8-gnu-toolchain/bin/../lib/gcc/avr/5.4.0/../../../../avr/lib/avr5\libm.a(gesf2.o)
                0x00002ebe                __gesf2
                0x00002ebe                __gtsf2
 .text.avr-libc.fplib
                0x00002ec8        0x8 c:/program files (x86)/atmel/studio/7.0/toolchain/avr8/avr8-gnu-toolchain/bin/../lib/gcc/avr/5.4.0/../../../../avr/lib/avr5\libm.a(mulsf3.o)
                0x00002ec8                __mulsf3
 .text.avr-libc.fplib
                0x00002ed0       0xd2 c:/program files (x86)/atmel/studio/7.0/toolchain/avr8/avr8-gnu-toolchain/bin/../lib/gcc/avr/5.4.0/../../../../avr/lib/avr5\libm.a(mulsf3x.o)
                0x00002eee                __mulsf3x
                0x00002ef4                __mulsf3_pse
 .text.libgcc.div
                0x00002fa2       0x28 c:/program files (x86)/atmel/studio/7.0/toolchain/avr8/avr8-gnu-toolchain/bin/../lib/gcc/avr/5.4.0/avr5\libgcc.a(_divmodhi4.o)
                0x00002fa2                _div
                0x00002fa2                __divmodhi4
 .text.libgcc.div
                0x00002fca       0x44 c:/program files (x86)/atmel/studio/7.0/toolchain/avr8/avr8-gnu-toolchain/bin/../lib/gcc/avr/5.4.0/avr5\libgcc.a(_udivmodsi4.o)
                0x00002fca                __udivmodsi4
 .text.libgcc.mul
                0x0000300e       0x16 c:/program files (x86)/atmel/studio/7.0/toolchain/avr8/avr8-gnu-toolchain/bin/../lib/gcc/avr/5.4.0/avr5\libgcc.a(_muluhisi3.o)
                0x0000300e                __muluhisi3
 .text.libgcc.div
                0x00003024       0x28 c:/program files (x86)/atmel/studio/7.0/toolchain/avr8/avr8-gnu-toolchain/bin/../lib/gcc/avr/5.4.0/avr5\libgcc.a(_udivmodhi4.o)
                0x00003024                __udivmodhi4
 .text.libgcc.mul
                0x0000304c       0x1e c:/program files (x86)/atmel/studio/7.0/toolchain/avr8/avr8-gnu-toolchain/bin/../lib/gcc/avr/5.4.0/avr5\libgcc.a(_umulhisi3.o)
                0x0000304c                __umulhisi3
                0x0000306a                . = ALIGN (0x2)
 *(.fini9)
 .fini9         0x0000306a        0x0 c:/program files (x86)/atmel/studio/7.0/toolchain/avr8/avr8-gnu-toolchain/bin/../lib/gcc/avr/5.4.0/avr5\libgcc.a(_exit.o)
                0x0000306a                _exit
                0x0000306a                exit
 *(.fini9)
 *(.fini8)
 *(.fini8)
 *(.fini7)
 *(.fini7)
 *(.fini6)
 *(.fini6)
 *(.fini5)
 *(.fini5)
 *(.fini4)
 *(.fini4)
 *(.fini3)
 *(.fini3)
 *(.fini2)
 *(.fini2)
 *(.fini1)
 *(.fini1)
 *(.fini0)
 .fini0         0x0000306a        0x4 c:/program files (x86)/atmel/studio/7.0/toolchain/avr8/avr8-gnu-toolchain/bin/../lib/gcc/avr/5.4.0/avr5\libgcc.a(_exit.o)
 *(.fini0)
                0x0000306e                _etext = .

.data           0x00800060      0x7ae load address 0x0000306e
                0x00800060                PROVIDE (__data_start, .)
 *(.data)
 *(.data*)
 .data.i        0x00800060        0x1 ADC.o
                0x00800060                i
 .data.arr      0x00800061        0xc Keypad.o
                0x00800061                arr
 *(.gnu.linkonce.d*)
 *(.rodata)
 *(.rodata*)
 .rodata.str1.1
                0x0080006d      0x22f EXR_Interrupt.o
                                0x232 (size before relaxing)
 .rodata.str1.1
                0x0080029c      0x56c main.o
                                0x596 (size before relaxing)
 .rodata.str1.1
                0x00800808        0x6 UART.o
 *(.gnu.linkonce.r*)
                0x0080080e                . = ALIGN (0x2)
                0x0080080e                _edata = .
                0x0080080e                PROVIDE (__data_end, .)

.bss            0x0080080e       0x24
                0x0080080e                PROVIDE (__bss_start, .)
 *(.bss)
 *(.bss*)
 .bss.Temp      0x0080080e        0x2 ADC.o
                0x0080080e                Temp
 .bss.Flag_Dimmer
                0x00800810        0x1 main.o
                0x00800810                Flag_Dimmer
 .bss.Check_UART_Option
                0x00800811        0x1 main.o
                0x00800811                Check_UART_Option
 .bss.Admin_login
                0x00800812        0x1 main.o
                0x00800812                Admin_login
 .bss.Login     0x00800813        0x1 main.o
                0x00800813                Login
 .bss.Flag_Lamp_4
                0x00800814        0x1 main.o
                0x00800814                Flag_Lamp_4
 .bss.Flag_Lamp_3
                0x00800815        0x1 main.o
                0x00800815                Flag_Lamp_3
 .bss.Flag_Lamp_2
                0x00800816        0x1 main.o
                0x00800816                Flag_Lamp_2
 .bss.Flag_Lamp
                0x00800817        0x1 main.o
                0x00800817                Flag_Lamp
 .bss.Counter_Password_Keypad
                0x00800818        0x1 main.o
                0x00800818                Counter_Password_Keypad
 .bss.Counter_User_Name_Keypad
                0x00800819        0x1 main.o
                0x00800819                Counter_User_Name_Keypad
 .bss.Counter_Password
                0x0080081a        0x1 main.o
                0x0080081a                Counter_Password
 .bss.Counter_User_Name
                0x0080081b        0x1 main.o
                0x0080081b                Counter_User_Name
 .bss.Count.1764
                0x0080081c        0x4 Timer.o
 .bss.Count.1758
                0x00800820        0x4 Timer.o
 .bss.Count.1714
                0x00800824        0x4 Timer.o
 .bss.Count.1708
                0x00800828        0x4 Timer.o
 .bss.Timer2_Init_Value
                0x0080082c        0x1 Timer.o
                0x0080082c                Timer2_Init_Value
 .bss.Timer2_Num_OVF
                0x0080082d        0x2 Timer.o
                0x0080082d                Timer2_Num_OVF
 .bss.Timer0_Init_Value
                0x0080082f        0x1 Timer.o
                0x0080082f                Timer0_Init_Value
 .bss.Timer0_Num_OVF
                0x00800830        0x2 Timer.o
                0x00800830                Timer0_Num_OVF
 *(COMMON)
                0x00800832                PROVIDE (__bss_end, .)
                0x0000306e                __data_load_start = LOADADDR (.data)
                0x0000381c                __data_load_end = (__data_load_start + SIZEOF (.data))

.noinit         0x00800832        0x0
                [!provide]                PROVIDE (__noinit_start, .)
 *(.noinit*)
                [!provide]                PROVIDE (__noinit_end, .)
                0x00800832                _end = .
                [!provide]                PROVIDE (__heap_start, .)

.eeprom         0x00810000        0x0
 *(.eeprom*)
                0x00810000                __eeprom_end = .

.fuse
 *(.fuse)
 *(.lfuse)
 *(.hfuse)
 *(.efuse)

.lock
 *(.lock*)

.signature
 *(.signature*)

.user_signatures
 *(.user_signatures*)

.stab
 *(.stab)

.stabstr
 *(.stabstr)

.stab.excl
 *(.stab.excl)

.stab.exclstr
 *(.stab.exclstr)

.stab.index
 *(.stab.index)

.stab.indexstr
 *(.stab.indexstr)

.comment        0x00000000       0x30
 *(.comment)
 .comment       0x00000000       0x30 ADC.o
                                 0x31 (size before relaxing)
 .comment       0x00000030       0x31 ALARM.o
 .comment       0x00000030       0x31 Button.o
 .comment       0x00000030       0x31 Buzzer.o
 .comment       0x00000030       0x31 DC_Motor.o
 .comment       0x00000030       0x31 DIO.o
 .comment       0x00000030       0x31 EEPROM.o
 .comment       0x00000030       0x31 EXR_Interrupt.o
 .comment       0x00000030       0x31 I2C.o
 .comment       0x00000030       0x31 Keypad.o
 .comment       0x00000030       0x31 LCD.o
 .comment       0x00000030       0x31 LED.o
 .comment       0x00000030       0x31 main.o
 .comment       0x00000030       0x31 servoo.o
 .comment       0x00000030       0x31 Timer.o
 .comment       0x00000030       0x31 UART.o

.note.gnu.avr.deviceinfo
                0x00000000       0x3c
 .note.gnu.avr.deviceinfo
                0x00000000       0x3c C:/Program Files (x86)/Atmel/Studio/7.0/Packs/atmel/ATmega_DFP/1.7.374/gcc/dev/atmega32/avr5/crtatmega32.o

.note.gnu.build-id
 *(.note.gnu.build-id)

.debug
 *(.debug)

.line
 *(.line)

.debug_srcinfo
 *(.debug_srcinfo)

.debug_sfnames
 *(.debug_sfnames)

.debug_aranges  0x00000000      0x4e8
 *(.debug_aranges)
 .debug_aranges
                0x00000000       0x38 ADC.o
 .debug_aranges
                0x00000038       0x20 ALARM.o
 .debug_aranges
                0x00000058       0x20 Button.o
 .debug_aranges
                0x00000078       0x38 Buzzer.o
 .debug_aranges
                0x000000b0       0x48 DC_Motor.o
 .debug_aranges
                0x000000f8       0x40 DIO.o
 .debug_aranges
                0x00000138       0x60 EEPROM.o
 .debug_aranges
                0x00000198       0x40 EXR_Interrupt.o
 .debug_aranges
                0x000001d8       0x80 I2C.o
 .debug_aranges
                0x00000258       0x28 Keypad.o
 .debug_aranges
                0x00000280       0x60 LCD.o
 .debug_aranges
                0x000002e0       0xb8 LED.o
 .debug_aranges
                0x00000398       0x20 main.o
 .debug_aranges
                0x000003b8       0x38 servoo.o
 .debug_aranges
                0x000003f0       0xb0 Timer.o
 .debug_aranges
                0x000004a0       0x48 UART.o

.debug_pubnames
 *(.debug_pubnames)

.debug_info     0x00000000     0x79d2
 *(.debug_info .gnu.linkonce.wi.*)
 .debug_info    0x00000000      0x4e6 C:/Program Files (x86)/Atmel/Studio/7.0/Packs/atmel/ATmega_DFP/1.7.374/gcc/dev/atmega32/avr5/crtatmega32.o
 .debug_info    0x000004e6      0x206 ADC.o
 .debug_info    0x000006ec      0x314 ALARM.o
 .debug_info    0x00000a00       0xe3 Button.o
 .debug_info    0x00000ae3      0x171 Buzzer.o
 .debug_info    0x00000c54      0x403 DC_Motor.o
 .debug_info    0x00001057      0x19a DIO.o
 .debug_info    0x000011f1      0x940 EEPROM.o
 .debug_info    0x00001b31     0x1a34 EXR_Interrupt.o
 .debug_info    0x00003565      0x494 I2C.o
 .debug_info    0x000039f9      0x330 Keypad.o
 .debug_info    0x00003d29      0x8b9 LCD.o
 .debug_info    0x000045e2      0x511 LED.o
 .debug_info    0x00004af3     0x26ce main.o
 .debug_info    0x000071c1      0x171 servoo.o
 .debug_info    0x00007332      0x4af Timer.o
 .debug_info    0x000077e1      0x1f1 UART.o

.debug_abbrev   0x00000000     0x168c
 *(.debug_abbrev)
 .debug_abbrev  0x00000000      0x4a3 C:/Program Files (x86)/Atmel/Studio/7.0/Packs/atmel/ATmega_DFP/1.7.374/gcc/dev/atmega32/avr5/crtatmega32.o
 .debug_abbrev  0x000004a3      0x120 ADC.o
 .debug_abbrev  0x000005c3       0xd8 ALARM.o
 .debug_abbrev  0x0000069b       0x91 Button.o
 .debug_abbrev  0x0000072c       0x71 Buzzer.o
 .debug_abbrev  0x0000079d       0xd9 DC_Motor.o
 .debug_abbrev  0x00000876       0x9a DIO.o
 .debug_abbrev  0x00000910      0x1b5 EEPROM.o
 .debug_abbrev  0x00000ac5      0x1d2 EXR_Interrupt.o
 .debug_abbrev  0x00000c97      0x185 I2C.o
 .debug_abbrev  0x00000e1c       0xe9 Keypad.o
 .debug_abbrev  0x00000f05      0x1ae LCD.o
 .debug_abbrev  0x000010b3       0x71 LED.o
 .debug_abbrev  0x00001124      0x1a9 main.o
 .debug_abbrev  0x000012cd       0x91 servoo.o
 .debug_abbrev  0x0000135e      0x1ed Timer.o
 .debug_abbrev  0x0000154b      0x141 UART.o

.debug_line     0x00000000     0x38f9
 *(.debug_line .debug_line.* .debug_line_end)
 .debug_line    0x00000000      0x116 C:/Program Files (x86)/Atmel/Studio/7.0/Packs/atmel/ATmega_DFP/1.7.374/gcc/dev/atmega32/avr5/crtatmega32.o
 .debug_line    0x00000116      0x186 ADC.o
 .debug_line    0x0000029c      0x1a7 ALARM.o
 .debug_line    0x00000443       0x75 Button.o
 .debug_line    0x000004b8       0x90 Buzzer.o
 .debug_line    0x00000548      0x16e DC_Motor.o
 .debug_line    0x000006b6      0x1e6 DIO.o
 .debug_line    0x0000089c      0x40c EEPROM.o
 .debug_line    0x00000ca8      0xcb9 EXR_Interrupt.o
 .debug_line    0x00001961      0x30f I2C.o
 .debug_line    0x00001c70      0x121 Keypad.o
 .debug_line    0x00001d91      0x42e LCD.o
 .debug_line    0x000021bf      0x210 LED.o
 .debug_line    0x000023cf      0xe53 main.o
 .debug_line    0x00003222      0x10a servoo.o
 .debug_line    0x0000332c      0x42e Timer.o
 .debug_line    0x0000375a      0x19f UART.o

.debug_frame    0x00000000      0xc44
 *(.debug_frame)
 .debug_frame   0x00000000       0x9c ADC.o
 .debug_frame   0x0000009c       0x24 ALARM.o
 .debug_frame   0x000000c0       0x24 Button.o
 .debug_frame   0x000000e4       0x54 Buzzer.o
 .debug_frame   0x00000138       0x8c DC_Motor.o
 .debug_frame   0x000001c4       0x64 DIO.o
 .debug_frame   0x00000228      0x160 EEPROM.o
 .debug_frame   0x00000388       0xe4 EXR_Interrupt.o
 .debug_frame   0x0000046c      0x108 I2C.o
 .debug_frame   0x00000574       0x44 Keypad.o
 .debug_frame   0x000005b8      0x154 LCD.o
 .debug_frame   0x0000070c      0x154 LED.o
 .debug_frame   0x00000860       0x34 main.o
 .debug_frame   0x00000894       0x54 servoo.o
 .debug_frame   0x000008e8      0x284 Timer.o
 .debug_frame   0x00000b6c       0xd8 UART.o

.debug_str      0x00000000      0xe7c
 *(.debug_str)
 .debug_str     0x00000000      0x196 C:/Program Files (x86)/Atmel/Studio/7.0/Packs/atmel/ATmega_DFP/1.7.374/gcc/dev/atmega32/avr5/crtatmega32.o
 .debug_str     0x00000196      0x1f7 ADC.o
                                0x23c (size before relaxing)
 .debug_str     0x0000038d      0x129 ALARM.o
                                0x265 (size before relaxing)
 .debug_str     0x000004b6       0x44 Button.o
                                0x1a1 (size before relaxing)
 .debug_str     0x000004fa       0x47 Buzzer.o
                                0x1c8 (size before relaxing)
 .debug_str     0x00000541       0x7b DC_Motor.o
                                0x22e (size before relaxing)
 .debug_str     0x000005bc       0xa8 DIO.o
                                0x1ec (size before relaxing)
 .debug_str     0x00000664      0x1c7 EEPROM.o
                                0x3ae (size before relaxing)
 .debug_str     0x0000082b      0x243 EXR_Interrupt.o
                                0x4b6 (size before relaxing)
 .debug_str     0x00000a6e       0xa1 I2C.o
                                0x353 (size before relaxing)
 .debug_str     0x00000b0f        0xe Keypad.o
                                0x1de (size before relaxing)
 .debug_str     0x00000b1d       0x68 LCD.o
                                0x2b7 (size before relaxing)
 .debug_str     0x00000b85       0x13 LED.o
                                0x259 (size before relaxing)
 .debug_str     0x00000b98       0xe5 main.o
                                0x4ce (size before relaxing)
 .debug_str     0x00000c7d       0x2f servoo.o
                                0x1e9 (size before relaxing)
 .debug_str     0x00000cac      0x1ac Timer.o
                                0x3b8 (size before relaxing)
 .debug_str     0x00000e58       0x24 UART.o
                                0x205 (size before relaxing)

.debug_loc      0x00000000     0x399c
 *(.debug_loc)
 .debug_loc     0x00000000      0x110 ADC.o
 .debug_loc     0x00000110      0x168 ALARM.o
 .debug_loc     0x00000278       0x9e Button.o
 .debug_loc     0x00000316      0x17e DC_Motor.o
 .debug_loc     0x00000494      0x2fd DIO.o
 .debug_loc     0x00000791      0x847 EEPROM.o
 .debug_loc     0x00000fd8      0xd92 EXR_Interrupt.o
 .debug_loc     0x00001d6a      0x212 I2C.o
 .debug_loc     0x00001f7c       0xa4 Keypad.o
 .debug_loc     0x00002020      0x72e LCD.o
 .debug_loc     0x0000274e      0xa9c main.o
 .debug_loc     0x000031ea      0x627 Timer.o
 .debug_loc     0x00003811      0x18b UART.o

.debug_macinfo
 *(.debug_macinfo)

.debug_weaknames
 *(.debug_weaknames)

.debug_funcnames
 *(.debug_funcnames)

.debug_typenames
 *(.debug_typenames)

.debug_varnames
 *(.debug_varnames)

.debug_pubtypes
 *(.debug_pubtypes)

.debug_ranges   0x00000000      0x478
 *(.debug_ranges)
 .debug_ranges  0x00000000       0x28 ADC.o
 .debug_ranges  0x00000028       0x10 ALARM.o
 .debug_ranges  0x00000038       0x10 Button.o
 .debug_ranges  0x00000048       0x28 Buzzer.o
 .debug_ranges  0x00000070       0x38 DC_Motor.o
 .debug_ranges  0x000000a8       0x30 DIO.o
 .debug_ranges  0x000000d8       0x68 EEPROM.o
 .debug_ranges  0x00000140       0x90 EXR_Interrupt.o
 .debug_ranges  0x000001d0       0x70 I2C.o
 .debug_ranges  0x00000240       0x30 Keypad.o
 .debug_ranges  0x00000270       0x50 LCD.o
 .debug_ranges  0x000002c0       0xa8 LED.o
 .debug_ranges  0x00000368       0x10 main.o
 .debug_ranges  0x00000378       0x28 servoo.o
 .debug_ranges  0x000003a0       0xa0 Timer.o
 .debug_ranges  0x00000440       0x38 UART.o

.debug_macro
 *(.debug_macro)
OUTPUT(Graduation_Project.elf elf32-avr)
LOAD linker stubs
